---
source: crates/sdust-syntax/tests/parse_exprs.rs
expression: "dump(\"logger!Info(\\\"started\\\")\")"
---
FILE@0..22
  SEND_EXPR@0..22
    PATH_EXPR@0..6
      PATH@0..6
        PATH_SEGMENT@0..6
          NAME_REF@0..6
            IDENT@0..6 "logger"
    BANG@6..7 "!"
    NAME@7..11
      IDENT@7..11 "Info"
    ARG_LIST@11..22
      L_PAREN@11..12 "("
      ARG@12..21
        LITERAL_EXPR@12..21
          STRING_LITERAL@12..21 "\"started\""
      R_PAREN@21..22 ")"

errors: []
