---
source: crates/sdust-syntax/tests/parse_patterns.rs
expression: "dump(\"User { id, name }\")"
---
FILE@0..17
  STRUCT_PAT@0..17
    PATH@0..5
      PATH_SEGMENT@0..4
        NAME_REF@0..4
          IDENT@0..4 "User"
      WHITESPACE@4..5 " "
    L_BRACE@5..6 "{"
    WHITESPACE@6..7 " "
    NAME@7..9
      IDENT@7..9 "id"
    COMMA@9..10 ","
    WHITESPACE@10..11 " "
    NAME@11..15
      IDENT@11..15 "name"
    WHITESPACE@15..16 " "
    R_BRACE@16..17 "}"

errors: []
