---
source: crates/sdust-syntax/tests/parse_items.rs
expression: "dump(\"use std.io\")"
---
FILE@0..10
  USE_DECL@0..10
    USE_KW@0..3 "use"
    WHITESPACE@3..4 " "
    PATH@4..10
      PATH_SEGMENT@4..7
        NAME_REF@4..7
          IDENT@4..7 "std"
      DOT@7..8 "."
      PATH_SEGMENT@8..10
        NAME_REF@8..10
          IDENT@8..10 "io"

errors: []
