---
source: crates/sdust-syntax/tests/parse_stmts.rs
expression: "dump_expr(\"loop { tick() }\")"
---
FILE@0..15
  LOOP_EXPR@0..15
    LOOP_KW@0..4 "loop"
    WHITESPACE@4..5 " "
    BLOCK@5..15
      L_BRACE@5..6 "{"
      WHITESPACE@6..7 " "
      EXPR_STMT@7..14
        CALL_EXPR@7..14
          PATH_EXPR@7..11
            PATH@7..11
              PATH_SEGMENT@7..11
                NAME_REF@7..11
                  IDENT@7..11 "tick"
          ARG_LIST@11..14
            L_PAREN@11..12 "("
            R_PAREN@12..13 ")"
            WHITESPACE@13..14 " "
      R_BRACE@14..15 "}"

errors: []
