---
source: crates/sdust-syntax/tests/parse_concurrency.rs
expression: "dump_expr(\"arena turn: lower(parse(tokenize(input))?)\")"
---
FILE@0..42
  ARENA_BLOCK@0..42
    ARENA_KW@0..5 "arena"
    WHITESPACE@5..6 " "
    NAME@6..10
      IDENT@6..10 "turn"
    COLON@10..11 ":"
    WHITESPACE@11..12 " "
    CALL_EXPR@12..42
      PATH_EXPR@12..17
        PATH@12..17
          PATH_SEGMENT@12..17
            NAME_REF@12..17
              IDENT@12..17 "lower"
      ARG_LIST@17..42
        L_PAREN@17..18 "("
        ARG@18..41
          QUESTION_EXPR@18..41
            CALL_EXPR@18..40
              PATH_EXPR@18..23
                PATH@18..23
                  PATH_SEGMENT@18..23
                    NAME_REF@18..23
                      IDENT@18..23 "parse"
              ARG_LIST@23..40
                L_PAREN@23..24 "("
                ARG@24..39
                  CALL_EXPR@24..39
                    PATH_EXPR@24..32
                      PATH@24..32
                        PATH_SEGMENT@24..32
                          NAME_REF@24..32
                            IDENT@24..32 "tokenize"
                    ARG_LIST@32..39
                      L_PAREN@32..33 "("
                      ARG@33..38
                        PATH_EXPR@33..38
                          PATH@33..38
                            PATH_SEGMENT@33..38
                              NAME_REF@33..38
                                IDENT@33..38 "input"
                      R_PAREN@38..39 ")"
                R_PAREN@39..40 ")"
            QUESTION@40..41 "?"
        R_PAREN@41..42 ")"

errors: []
