---
source: crates/sdust-syntax/tests/parse_agents.rs
expression: "dump(\"sup SearchFlow one_for_one {\\n  planner = Planner()\\n  fetcher = Fetcher(net)\\n}\")"
---
FILE@0..77
  SUPERVISOR_DECL@0..77
    SUP_KW@0..3 "sup"
    WHITESPACE@3..4 " "
    NAME@4..14
      IDENT@4..14 "SearchFlow"
    WHITESPACE@14..15 " "
    NAME@15..26
      IDENT@15..26 "one_for_one"
    WHITESPACE@26..27 " "
    L_BRACE@27..28 "{"
    WHITESPACE@28..31 "\n  "
    SUP_CHILD@31..53
      NAME@31..38
        IDENT@31..38 "planner"
      WHITESPACE@38..39 " "
      EQ@39..40 "="
      WHITESPACE@40..41 " "
      CALL_EXPR@41..53
        PATH_EXPR@41..48
          PATH@41..48
            PATH_SEGMENT@41..48
              NAME_REF@41..48
                IDENT@41..48 "Planner"
        ARG_LIST@48..53
          L_PAREN@48..49 "("
          R_PAREN@49..50 ")"
          WHITESPACE@50..53 "\n  "
    SUP_CHILD@53..76
      NAME@53..60
        IDENT@53..60 "fetcher"
      WHITESPACE@60..61 " "
      EQ@61..62 "="
      WHITESPACE@62..63 " "
      CALL_EXPR@63..76
        PATH_EXPR@63..70
          PATH@63..70
            PATH_SEGMENT@63..70
              NAME_REF@63..70
                IDENT@63..70 "Fetcher"
        ARG_LIST@70..76
          L_PAREN@70..71 "("
          ARG@71..74
            PATH_EXPR@71..74
              PATH@71..74
                PATH_SEGMENT@71..74
                  NAME_REF@71..74
                    IDENT@71..74 "net"
          R_PAREN@74..75 ")"
          WHITESPACE@75..76 "\n"
    R_BRACE@76..77 "}"

errors: []
